
> frontend@0.1.0 dev
> next dev

▲ Next.js 16.1.6 (Turbopack)
- Local:         http://localhost:3000
- Network:       http://192.168.0.251:3000
- Environments: .env

✓ Starting...
✓ Ready in 674ms
 GET / 200 in 1930ms (compile: 1723ms, render: 207ms)
Persisting failed: Failed to compact database

Caused by:
    0: Failed to deserialize used key hashes AMQF from 00000973.meta
    1: incompatible version
 GET /onboarding 200 in 93ms (compile: 57ms, render: 36ms)
Persisting failed: Another write batch or compaction is already active (Only a single write operations is allowed at a time)
 GET / 200 in 36ms (compile: 11ms, render: 25ms)
 GET / 200 in 100ms (compile: 25ms, render: 74ms)
 GET / 200 in 88ms (compile: 39ms, render: 49ms)
 GET / 200 in 36ms (compile: 15ms, render: 21ms)
 GET / 200 in 59ms (compile: 24ms, render: 35ms)
 GET / 200 in 52ms (compile: 7ms, render: 45ms)
 GET / 200 in 28ms (compile: 6ms, render: 22ms)
 GET / 200 in 79ms (compile: 32ms, render: 46ms)
✓ Compiled in 5.4s
Persisting failed: Another write batch or compaction is already active (Only a single write operations is allowed at a time)
 GET / 200 in 326ms (compile: 131ms, render: 196ms)
Persisting failed: Another write batch or compaction is already active (Only a single write operations is allowed at a time)
 GET / 200 in 60ms (compile: 18ms, render: 42ms)
✓ Compiled in 2.9s
Persisting failed: Another write batch or compaction is already active (Only a single write operations is allowed at a time)
✓ Compiled in 1235ms
Persisting failed: Another write batch or compaction is already active (Only a single write operations is allowed at a time)
 GET / 200 in 294ms (compile: 114ms, render: 180ms)
Persisting failed: Another write batch or compaction is already active (Only a single write operations is allowed at a time)
 GET / 200 in 53ms (compile: 5ms, render: 48ms)
 GET / 200 in 62ms (compile: 25ms, render: 37ms)
 GET / 200 in 84ms (compile: 34ms, render: 50ms)
✓ Compiled in 1182ms
Persisting failed: Another write batch or compaction is already active (Only a single write operations is allowed at a time)
 GET / 200 in 395ms (compile: 173ms, render: 223ms)
Persisting failed: Another write batch or compaction is already active (Only a single write operations is allowed at a time)
 GET / 200 in 51ms (compile: 5ms, render: 46ms)
Persisting failed: Another write batch or compaction is already active (Only a single write operations is allowed at a time)
✓ Compiled in 1487ms
Persisting failed: Another write batch or compaction is already active (Only a single write operations is allowed at a time)
 GET / 200 in 336ms (compile: 103ms, render: 234ms)
 GET / 200 in 44ms (compile: 8ms, render: 36ms)
Persisting failed: Another write batch or compaction is already active (Only a single write operations is allowed at a time)
✓ Compiled in 806ms
Persisting failed: Another write batch or compaction is already active (Only a single write operations is allowed at a time)
 GET / 200 in 655ms (compile: 275ms, render: 379ms)
Persisting failed: Another write batch or compaction is already active (Only a single write operations is allowed at a time)
✓ Compiled in 865ms
Persisting failed: Another write batch or compaction is already active (Only a single write operations is allowed at a time)
✓ Compiled in 664ms
Persisting failed: Another write batch or compaction is already active (Only a single write operations is allowed at a time)
 GET / 200 in 64ms (compile: 15ms, render: 49ms)
Persisting failed: Another write batch or compaction is already active (Only a single write operations is allowed at a time)
 GET / 200 in 51ms (compile: 6ms, render: 45ms)
✓ Compiled in 1101ms
Persisting failed: Another write batch or compaction is already active (Only a single write operations is allowed at a time)
✓ Compiled in 621ms
Persisting failed: Another write batch or compaction is already active (Only a single write operations is allowed at a time)
✓ Compiled in 1414ms
Persisting failed: Another write batch or compaction is already active (Only a single write operations is allowed at a time)
✓ Compiled in 1300ms
Persisting failed: Another write batch or compaction is already active (Only a single write operations is allowed at a time)
✓ Compiled in 588ms
Persisting failed: Another write batch or compaction is already active (Only a single write operations is allowed at a time)
✓ Compiled in 799ms
Persisting failed: Another write batch or compaction is already active (Only a single write operations is allowed at a time)
✓ Compiled in 1132ms
Persisting failed: Another write batch or compaction is already active (Only a single write operations is allowed at a time)
 GET / 200 in 346ms (compile: 121ms, render: 225ms)
 GET / 200 in 45ms (compile: 5ms, render: 40ms)
Persisting failed: Another write batch or compaction is already active (Only a single write operations is allowed at a time)
 GET / 200 in 75ms (compile: 22ms, render: 53ms)
 GET / 200 in 30ms (compile: 2ms, render: 28ms)
 GET / 200 in 56ms (compile: 33ms, render: 24ms)
Persisting failed: Another write batch or compaction is already active (Only a single write operations is allowed at a time)
